[www.craftginclub.co.uk/index.html]
[backblue.gif]
[fade.gif]
[index.html]
[www.craftginclub.co.uk/assets/scripts/marketing-optin30f4.js]
[images.squarespace-cdn.com/content/5402e23ce4b0a7034afad3a2/1551884863861-4DFNZ35L35WCRY9XJ4QG/craft_gin_club_master_logo_rgb_sized2acd.png]
[use.typekit.net/ik/qVjGLGa8aKJqtra6IyiNyQFENzu93Tt-fIjY-enK7KCfe0bffFHN4UJLFRbh52jhWD9Xw248wRFRZQsKweIaw2wXjAZyZ2Fywy7YMPG0-cN0OAyudeu8O1FUiABkZWF3jAF8OcFzdPURScBcieiTdcFCiAJ0jhv0iACC-cN0OAyudeu8O1FUiA]
[assets.squarespace.com/@sqs/polyfiller/1.2.2/legacy.js]
[assets.squarespace.com/@sqs/polyfiller/1.2.2/modern.js]
[assets.squarespace.com/universal/scripts-compressed/extract-css-runtime-3a49d64b287a02102ec6c-min.en-US.js]
[assets.squarespace.com/universal/scripts-compressed/cldr-resource-pack-83b0e6eb9a2c7557ad4c0-min.en-US.js]
[assets.squarespace.com/universal/scripts-compressed/common-vendors-stable-9b2a74c45b27271fd111d-min.en-US.js]
[assets.squarespace.com/universal/scripts-compressed/extract-css-moment-js-vendor-98bddc81dc37f44faa7b2-min.en-US.js]
[assets.squarespace.com/universal/scripts-compressed/performance-7532c45b5785b33eab5ea-min.en-US.js]
[static1.squarespace.com/static/sitecss/5402e23ce4b0a7034afad3a2/504/542981efe4b058a9f49388be/542981efe4b058a9f49388d9/5557/site.css]
[www.craftginclub.co.uk/assets/events/2018/xmas/WITB.jpg]
[assets.squarespace.com/universal/scripts-compressed/common-vendors-1ee6d06736c48fc450ed0-min.en-US.js]
[www.craftginclub.co.uk/assets/carousel/temp-home.jpg]
[assets.squarespace.com/universal/scripts-compressed/common-9ec21d4227029e53988ef-min.en-US.js]
[www.craftginclub.co.uk/assets/carousel/temp-home-ipad.jpg]
[images.squarespace-cdn.com/content/5402e23ce4b0a7034afad3a2/1529859933421-VDRQB6EYHUNMW45FYMTO/oval-background5d45.png]
[www.craftginclub.co.uk/assets/carousel/temp-home-mobile.jpg]
[www.craftginclub.co.uk/assets/carousel/temp-home-mobile-2.jpg]
[plausible.io/js/plausible.js]
[ajax.googleapis.com/ajax/libs/jquery/2.1.3/jquery.min.js]
[cdn.cookielaw.org/consent/29d3ae5e-9fc3-4c29-ba1e-8b58c08f030a/OtAutoBlock.js]
[cdn.cookielaw.org/scripttemplates/otSDKStub.js]
[www.craftginclub.co.uk/assets/general/burger-fixae24.css]
[www.craftginclub.co.uk/assets/new-price-box/new-pricebox30f4.css]
[www.craftginclub.co.uk/assets/general/july-box3860.jpg]
[use.typekit.net/gzd7sxl.css]
[www.craftginclub.co.uk/assets/fonts/Mohr-Black.woff2]
[www.craftginclub.co.uk/assets/fonts/Mohr-Regular.woff2]
[www.craftginclub.co.uk/assets/gifts/Dalmatins.woff2]
[www.craftginclub.co.uk/assets/general/wgd/futura-condensed-extrabold.woff2]
[www.craftginclub.co.uk/assets/general/wgd/futura-condensed-extrabold.woff]
[static.ads-twitter.com/uwt.js]
[connect.facebook.net/en_US/fbevents.js]
[s.yimg.com/wi/ytc.js]
[bat.bing.com/bat.js]
[d.impactradius-event.com/A411150-ac6a-4235-a702-3bda8170260e1.js]
[sleeknotecustomerscripts.sleeknote.com/13705.js]
[cdn.ometria.com/tags/9487896936c7a02e.js]
[s.pinimg.com/ct/core.js]
[www.craftginclub.co.uk/assets/fonts/Mohr-SemiBold.woff2]
[www.craftginclub.co.uk/assets/fonts/Mohr-Bold.woff2]
[www.craftginclub.co.uk/assets/fonts/Mohr-BlackIt.woff2]
[www.craftginclub.co.uk/assets/fonts/Mohr-RegularIt.woff2]
[www.craftginclub.co.uk/assets/fonts/Mohr-SemiBoldIt.woff2]
[cdnjs.cloudflare.com/ajax/libs/mustache.js/3.0.1/mustache.js]
[www.craftginclub.co.uk/assets/circle-logo-xmas.svg]
[www.craftginclub.co.uk/gifts.html]
[www.craftginclub.co.uk/our-gin.html]
[www.craftginclub.co.uk/how-it-works.html]
[www.craftginclub.co.uk/ginnedmagazine.html]
[static1.squarespace.com/static/ta/5402e23ce4b0a7034afad3a2/5546/assets/general/lemon_wedge.png]
[images.squarespace-cdn.com/content/v1/5402e23ce4b0a7034afad3a2/afed8e41-e612-4ab6-92db-0f6dd540bd59/LOGO_26f7.png]
[www.craftginclub.co.uk/home-17-oct-video.html]
[www.craftginclub.co.uk/home-20-august-1.html]
[www.craftginclub.co.uk/assets/home/evergreen8195.css]
[www.craftginclub.co.uk/assets/home/mailman/mailman-poster.jpg]
[www.craftginclub.co.uk/assets/home/no-groups-poster-desk.jpg]
[www.craftginclub.co.uk/assets/home/logo.png]
[www.craftginclub.co.uk/assets/home/no-groups.mp4]
[www.craftginclub.co.uk/assets/home/no-groups-mobile-compressed5.mp4]
[www.craftginclub.co.uk/assets/hero/smoothscroll.js]
[www.craftginclub.co.uk/assets/hero/noframework.waypoints.js]
[www.craftginclub.co.uk/assets/boxing-day/low-key-burger91bf.css]
[www.craftginclub.co.uk/assets/home/drinks.svg]
[www.craftginclub.co.uk/assets/home/choose-plan.svg]
[www.craftginclub.co.uk/assets/home/circle-boxes.svg]
[www.craftginclub.co.uk/assets/2022/xmas-preorder/advent-full-fade5e1f.jpg]
[www.craftginclub.co.uk/assets/2022/xmas-preorder/full-xmas-2022-preorder-member-only-desk-3.png]
[cdn.shopify.com/s/files/1/0094/7319/6090/t/29/assets/cgg-stikethrougha1f9.png]
[www.craftginclub.co.uk/assets/footer/footer-logo-clarna.svg]
[www.craftginclub.co.uk/assets/home/spring-banner-22-mob5e1f.jpg]
[www.craftginclub.co.uk/assets/home/hint-of-xmas-gifting.jpg]
[www.craftginclub.co.uk/assets/home/witb-bg.jpg]
[www.craftginclub.co.uk/assets/home/witb-bg-mob.jpg]
[www.craftginclub.co.uk/assets/xmas21/gin2.png]
[www.craftginclub.co.uk/assets/xmas21/tonic2.png]
[www.craftginclub.co.uk/assets/home/witb-mixers.png]
[www.craftginclub.co.uk/assets/home/witb-treats.png]
[www.craftginclub.co.uk/assets/home/witb-mag.png]
[www.craftginclub.co.uk/assets/home/box_copy.png]
[www.craftginclub.co.uk/assets/home/past-boxes45d4.css]
[www.craftginclub.co.uk/assets/general/arrow-blue.svg]
[images.squarespace-cdn.com/content/v1/5402e23ce4b0a7034afad3a2/1575984678746-8K37TUXMH33YCGI8NVM6/ke17ZwdGBToddI8pDm48kJK4Mm1kch8SFO9ZNkN1NT97gQa/box-108007a3.jpg]
[www.craftginclub.co.uk/assets/home/smoothscroll069a.js]
[www.craftginclub.co.uk/assets/home/past-boxes8040.js]
[www.craftginclub.co.uk/assets/home/perkse062.css]
[www.craftginclub.co.uk/assets/home/new-perks-bg-mob.png]
[www.craftginclub.co.uk/assets/home/new-perks-bg3860.png]
[www.craftginclub.co.uk/assets/home/new-perks-bg-left.png]
[www.craftginclub.co.uk/assets/home/pig.svg]
[www.craftginclub.co.uk/assets/home/bag.svg]
[www.craftginclub.co.uk/assets/home/popper.svg]
[www.craftginclub.co.uk/assets/home/new-perks-bg-right.png]
[www.craftginclub.co.uk/assets/new-price-box/box-gin.svg]
[www.craftginclub.co.uk/assets/reviews/reviews3f56.css]
[www.craftginclub.co.uk/assets/reviews/star-cutter-glistenb314.svg]
[www.craftginclub.co.uk/assets/reviews/reviews.png]
[www.craftginclub.co.uk/assets/reviews/reviews4290.js]
[www.craftginclub.co.uk/assets/home/logo-buzzfeed.png]
[www.craftginclub.co.uk/assets/home/logo-gq.png]
[www.craftginclub.co.uk/assets/home/logo-hp.png]
[www.craftginclub.co.uk/assets/home/logo-telegraph.png]
[www.craftginclub.co.uk/assets/home/logo-marie.png]
[www.craftginclub.co.uk/assets/home/logo-bbc.png]
[www.craftginclub.co.uk/ginnedmagazine/hot-gin-cocktail-recipes.html]
[www.craftginclub.co.uk/ginnedmagazine/index.html]
[www.craftginclub.co.uk/assets/home/always-deliver3860.png]
[www.craftginclub.co.uk/assets/home/subscribe-earn3860.png]
[www.craftginclub.co.uk/assets/home/shop-now.png]
[static1.squarespace.com/static/ta/5402e23ce4b0a7034afad3a2/5511/assets/footer/footer-signupeef3.css]
[static1.squarespace.com/static/ta/5402e23ce4b0a7034afad3a2/5538/assets/footer/footereef3.css]
[widget.reviews.co.uk/rich-snippet-reviews-widgets/dist.js]
[www.craftginclub.co.uk/about.html]
[www.craftginclub.co.uk/reviews.html]
[www.craftginclub.co.uk/goldenticket.html]
[www.craftginclub.co.uk/sip-and-snap.html]
[www.craftginclub.co.uk/ginpals.html]
[www.craftginclub.co.uk/cocktails.html]
[www.craftginclub.co.uk/covid-19.html]
[www.craftginclub.co.uk/contact-us.html]
[www.craftginclub.co.uk/terms-and-conditions.html]
[www.craftginclub.co.uk/assets/footer/footer-logo-visa.svg]
[www.craftginclub.co.uk/assets/footer/footer-logo-master.svg]
[www.craftginclub.co.uk/assets/footer/footer-logo-american-express.svg]
[www.craftginclub.co.uk/assets/footer/footer-logo-apple-pay.svg]
[www.craftginclub.co.uk/assets/footer/footer-logo-paypal.svg]
[www.craftginclub.co.uk/assets/footer/footer-icon-tiktok.svg]
[www.craftginclub.co.uk/assets/footer/footer-icon-fb.svg]
[www.craftginclub.co.uk/assets/footer/footer-icon-insta.svg]
[www.craftginclub.co.uk/assets/footer/footer-icon-pinterest.svg]
[www.craftginclub.co.uk/assets/footer/footer-icon-twitter.svg]
[www.craftginclub.co.uk/assets/footer/footer-icon-yt.svg]
[www.craftginclub.co.uk/assets/footer/footer-icon-blog.svg]
[www.craftginclub.co.uk/assets/footer/footer-icon-linkedin.svg]
[static1.squarespace.com/static/ta/5402e23ce4b0a7034afad3a2/5557/scripts/site-bundle.js]
[www.craftginclub.co.uk/assets/general/Box Content_WEB_v4-compressed.jpg]
[www.craftginclub.co.uk/assets/general/Box Content_MOBILE_v4-compressed.jpg]
[www.craftginclub.co.uk/assets/general/february-box.jpg]
[www.craftginclub.co.uk/assets/general/join-new-box.jpg]
[www.instagram.com/static/bundles/metro/EmbedSDK.js/d9addf525b6a.js]
[platform.twitter.com/widgets.js]
[images.squarespace-cdn.com/content/5402e23ce4b0a7034afad3a2/1499695440419-2OX8ZWPV3VUNLL83MY3E/rated-footer-opt5d45.png]
[web.archive.org/web/20190714185026/https_/static.ads-twitter.com/uwt.html]
[www.craftginclub.co.uk/scripts/loyalty-modal.js]
[www.craftginclub.co.uk/assets/carousel/roundel-blue.svg]
[www.craftginclub.co.uk/assets/carousel/roundel-green.svg]
[www.craftginclub.co.uk/cdn-cgi/scripts/7d0fa10a/cloudflare-static/rocket-loader.min.js]
[www.craftginclub.co.uk/index.html]
[assets.squarespace.com/universal/images-v6/damask/error-dark.png]
[www.craftginclub.co.uk/cdn-cgi/challenge-platform/h/g/scripts/alpha/invisible5615.js]
[assets.squarespace.com/universal/images-v6/damask/error-dark@2x.png]
[assets.squarespace.com/universal/images-v6/damask/play-button.png]
[assets.squarespace.com/universal/images-v6/damask/play-button@2x.png]
[assets.squarespace.com/universal/images-v6/damask/edit-aviary-light.png]
[assets.squarespace.com/universal/images-v6/damask/edit-aviary-light@2x.png]
[assets.squarespace.com/universal/images-v6/damask/edit-info-light.png]
[assets.squarespace.com/universal/images-v6/damask/edit-info-light@2x.png]
[assets.squarespace.com/universal/images-v6/damask/trash-9-light.png]
[assets.squarespace.com/universal/images-v6/damask/trash-9-light@2x.png]
[assets.squarespace.com/universal/images-v6/damask/trash-9-red.png]
[assets.squarespace.com/universal/images-v6/damask/trash-9-red@2x.png]
[assets.squarespace.com/universal/images-v6/damask/getty-16-light.png]
[assets.squarespace.com/universal/images-v6/damask/getty-32-light.png]
[assets.squarespace.com/universal/images-v6/damask/shopping-cart-16-light.png]
[assets.squarespace.com/universal/images-v6/damask/shopping-cart-32-light.png]
[static1.squarespace.com/universal/images-v6/icons/block-indicator-dark.png]
[static1.squarespace.com/universal/images-v6/icons/block-indicator-dark@2x.png]
[static1.squarespace.com/universal/images-v6/icons/opentable-icons.png]
[static1.squarespace.com/universal/images-v6/icons/icon-searchqueries-20-dark.png]
[static1.squarespace.com/universal/images-v6/icons/icon-searchqueries-20-light.png]
[assets.squarespace.com/universal/images-v6/icons/icon-video-24-light-solid.png]
[static1.squarespace.com/universal/images-v6/damask/image-inside-64-dark.png]
[static1.squarespace.com/universal/images-v6/damask/image-inside-128-dark.png]
[assets.squarespace.com/universal/images-v6/standard/icon_close_7_light.png]
[assets.squarespace.com/universal/images-v6/icons/icon-settings-16-light.png]
[static1.squarespace.com/static/ta/5402e23ce4b0a7034afad3a2/5557/assets/general/yellow-pixel.jpg]
[images.squarespace-cdn.com/content/5402e23ce4b0a7034afad3a2/1529056560945-6HB4956IADEOMUO1UCCN/banner-orangeb789.png]
[images.squarespace-cdn.com/content/5402e23ce4b0a7034afad3a2/1529056560945-6HB4956IADEOMUO1UCCN/banner-oranged74f.png]
[images.squarespace-cdn.com/content/5402e23ce4b0a7034afad3a2/1526307108601-MHTQ7ZRT7FD1CDBYF6E1/May-worldgin-HOMEPG+2b789.png]
[www.craftginclub.co.uk/assets/general/july-box.jpg]
[static1.squarespace.com/static/sitecss/5402e23ce4b0a7034afad3a2/504/542981efe4b058a9f49388be/542981efe4b058a9f49388d9/5557/site.css]
[www.googletagmanager.com/gtm5445.html]
[cdn.segment.com/analytics.js/v1/Uc67EQ779Lxt8gIeRaJ8NBt7gl87RM6q/analytics.min.js]
[s.pinimg.com/ct/lib/main.32155010.js]
[www.google-analytics.com/plugins/ua/ec.js]
[script.hotjar.com/modules.c1ee1432a210d043a500.js]
[uk-script.dotmetrics.net/hit.gif]
[script.hotjar.com/modules.3e8966add1c1b07de70f.js]
[cdn.shopify.com/s/trekkie.storefront.b7d58785709ced02e06617916a2e2f5b990d2a57.min.js]
[www.google-analytics.com/plugins/ua/linkid.js]
[apis.google.com/js/api.js]
[cdn.shopify.com/s/trekkie.storefront.895d46718ded6fc0a87679def5a003038d4e409b.min.js]
[uk-script.dotmetrics.net/door.js]
[master-shopify-tracker.s3.amazonaws.com/gaTracker.js]
[cdn.shopify.com/shopifycloud/shopify/assets/storefront/load_feature-d8a6f1446d67009c524ed4e68648800ba9082eb75548ee28e1050331cbe7ba28.js]
[s.pinimg.com/ct/lib/main.c99cd143.js]
[www.craftginclub.co.uk/ginnedmagazine/2017/7/13/if-youve-done-some-of-these-things-youre-a-true-gin-fan.html]
[d2wy8f7a9ursnm.cloudfront.net/v6/bugsnag.min.js]
[cdn.cookielaw.org/consent/29d3ae5e-9fc3-4c29-ba1e-8b58c08f030a/OtAutoBlock.js]
[www.craftginclub.co.uk/assets/general/burger-fixae24.css]
[www.craftginclub.co.uk/assets/new-price-box/new-pricebox30f4.css]
[use.typekit.net/gzd7sxl.css]
[connect.facebook.net/en_US/fbevents.js]
[www.craftginclub.co.uk/assets/fonts/Mohr-BoldIt.json]
[www.craftginclub.co.uk/assets/fonts/Mohr-ThinIt.woff2]
[www.craftginclub.co.uk/assets/circle-logo-xmas.svg]
[www.craftginclub.co.uk/gifts.html]
[cdn.shopify.com/s/trekkie.storefront.7850eecc9b14960c103b685bb9e219861b94e38c.min.js]
[www.craftginclub.co.uk/our-gin.html]
[www.craftginclub.co.uk/how-it-works.html]
[www.craftginclub.co.uk/ginnedmagazine.html]
[www.craftginclub.co.uk/home-default.html]
[www.craftginclub.co.uk/home-preview.html]
[www.craftginclub.co.uk/home-xmas-2022.html]
[www.craftginclub.co.uk/home-black-friday-2022.html]
[www.craftginclub.co.uk/home-boxing-day-2022.html]
[www.craftginclub.co.uk/home-25-oct-past-boxes.html]
[www.craftginclub.co.uk/home-full-xmas-2022.html]
[www.craftginclub.co.uk/home-17-oct-video.html]
[www.craftginclub.co.uk/home-20-august-1.html]
[www.craftginclub.co.uk/assets/home/evergreen8195.css]
[www.craftginclub.co.uk/assets/boxing-day/low-key-burger91bf.css]
[www.craftginclub.co.uk/assets/home/drinks.svg]
[www.craftginclub.co.uk/assets/home/choose-plan.svg]
[www.craftginclub.co.uk/assets/home/circle-boxes.svg]
[www.craftginclub.co.uk/assets/footer/footer-logo-clarna.svg]
[www.craftginclub.co.uk/assets/home/past-boxes45d4.css]
[www.craftginclub.co.uk/assets/general/arrow-blue.svg]
[www.craftginclub.co.uk/assets/home/perkse062.css]
[www.craftginclub.co.uk/assets/home/pig.svg]
[www.craftginclub.co.uk/assets/home/bag.svg]
[www.craftginclub.co.uk/assets/home/popper.svg]
[www.craftginclub.co.uk/assets/new-price-box/box-gin.svg]
[www.craftginclub.co.uk/assets/reviews/reviews3f56.css]
[www.craftginclub.co.uk/assets/reviews/star-cutter-glistenb314.svg]
[www.craftginclub.co.uk/ginnedmagazine/index.html]
[www.craftginclub.co.uk/ginnedmagazine/hot-gin-cocktail-recipes.html]
[static1.squarespace.com/static/ta/5402e23ce4b0a7034afad3a2/5511/assets/footer/footer-signupeef3.css]
[static1.squarespace.com/static/ta/5402e23ce4b0a7034afad3a2/5538/assets/footer/footereef3.css]
[www.craftginclub.co.uk/about.html]
[www.craftginclub.co.uk/reviews.html]
[www.craftginclub.co.uk/goldenticket.html]
[www.craftginclub.co.uk/sip-and-snap.html]
[www.craftginclub.co.uk/ginpals.html]
[www.craftginclub.co.uk/cocktails.html]
[www.craftginclub.co.uk/covid-19.html]
[www.craftginclub.co.uk/contact-us.html]
[www.craftginclub.co.uk/terms-and-conditions.html]
[www.craftginclub.co.uk/assets/footer/footer-logo-visa.svg]
[www.craftginclub.co.uk/assets/footer/footer-logo-master.svg]
[www.craftginclub.co.uk/assets/footer/footer-logo-american-express.svg]
[www.craftginclub.co.uk/assets/footer/footer-logo-apple-pay.svg]
[www.craftginclub.co.uk/assets/footer/footer-logo-paypal.svg]
[www.craftginclub.co.uk/assets/footer/footer-icon-tiktok.svg]
[www.craftginclub.co.uk/assets/footer/footer-icon-fb.svg]
[www.craftginclub.co.uk/assets/footer/footer-icon-insta.svg]
[www.craftginclub.co.uk/assets/footer/footer-icon-pinterest.svg]
[www.craftginclub.co.uk/assets/footer/footer-icon-twitter.svg]
[www.craftginclub.co.uk/assets/footer/footer-icon-yt.svg]
[www.craftginclub.co.uk/assets/footer/footer-icon-blog.svg]
[www.craftginclub.co.uk/assets/footer/footer-icon-linkedin.svg]
[web.archive.org/web/20190714185026/https_/static.ads-twitter.com/uwt.html]
[www.craftginclub.co.uk/assets/carousel/roundel-blue.svg]
[www.craftginclub.co.uk/assets/carousel/roundel-green.svg]
[www.googletagmanager.com/gtm.html]
[d.clarity.ms/s/0.6.31/clarity.html]
[www.clarity.ms/eus2-e/s/0.6.39/clarity.html]
[www.craftginclub.co.uk/ginnedmagazine/2017/7/13/if-youve-done-some-of-these-things-youre-a-true-gin-fan.html]
